120-A15A13A3A9A7A11A14A10A1A5A4A6A2A8A12 
51-A15A13A3A9A7A11A14 69-A10A1A5A4A6A2A8A12 
24-A15A13A3A9A7 27-A11A14 30-A10A1A5 39-A4A6A2A8A12 
12-A15A13A3A9 12-A7 13-A11 14-A14 15-A10 15-A1A5 18-A4A6A2 21-A8A12 
6-A15A13A3 6-A9 7-A1 8-A5 9-A4 9-A6A2 10-A8 11-A12 
3-A15A13 3-A3 4-A6 5-A2 
1-A15 2-A13 
