54-DSATESATASATBSATCSATZSAT 
22-DSATESAT 32-ASATBSATCSATZSAT 
10-DSAT 12-ESAT 16-ASATBSAT 16-CSATZSAT 
8-ASAT 8-BSAT 8-CSAT 8-ZSAT 
