RLR10 ZVN12 AGY82 RHE34 
UGK98 GGH93 AGY82 RLR10 PMD48 MGW99 AGY82 MGW99 
