
STWHN 
STVAO 
STO2K 
ST3JM 
ST905 STWRA 
STMBE ST905 
STMBE ST8KK 
STPC1 STVAO STWHN 
STMBE STWRA STO2K 
