46-C7B4A7D12E16 
18-C7B4A7 28-D12E16 
7-C7 11-B4A7 12-D12 16-E16 
4-B4 7-A7 
