IBQ59 NFV74 YQX18 IJA29 
FXS15 UFP91 
GPQ42 KDS34 IBU28 
UFP91 KDS34 YTQ74 
