XON60 YQZ11 MZH93 YMX75 GHO57 FZM72 
JXK35 XON60 XUE4 
XON60 VFG76 NEE77 OYZ2 UZM83 GHO57 YMX75 
