ST7JYSTC9NSTL71STIAPSTQRYSTKSRSTZ1BSTCZKSTNSHSTYMEST4YVSTEY6STMMCST2R8STN37
