NWE79 FTA35 RDT78 RJR26 QXZ23 TXP15 
TFU85 OPM23 RDT78 POX14 BKH93 QXZ23 OPM23 
SCC16 OPM23 NWE79 JRV99 
WRI11 QXZ23 TFU85 
